lldb,lldb 014_debug_func_bp,014_debug_func_bp
b,b 6,014_debug_func_bp.cj:6
r,r,-> 6
b,b funcbp001,014_debug_func_bp.cj:58
s,s,-> 58