lldb,lldb 010_debug_func_default_arg,010_debug_func_default_arg
b,b 4,010_debug_func_default_arg.cj:4
r,r,-> 4
n,n,-> 5
cj_plocals,cj_plocals,Functioncall006 = 4