lldb,lldb 022_debug_launch,022_debug_launch
b,b 4,022_debug_launch.cj:4
r,r,-> 4
rerun,r,n
rerun,r,-> 4