lldb,lldb 008_debug_func_no_arg,008_debug_func_no_arg
b,b 11,008_debug_func_no_arg.cj:11
r,r,-> 11
b,b 12,008_debug_func_no_arg.cj:12
c,c,-> 12
finish,finish,-> 4