lldb,lldb 024_debug_variable,024_debug_variable
b,b 82,024_debug_variable.cj:82
r,r,-> 82
cj_set,cj_set var_one = 2,2
cj_set,cj_set var_two = 2,2
cj_set,cj_set var_three = 2,2
cj_set,cj_set var_four = 2,2
cj_set,cj_set var_five = 2,2
n,n,-> 87
cj_plocals,cj_plocals,var_one = 2
cj_plocals,cj_plocals,var_two = 2
cj_plocals,cj_plocals,var_three = 2
cj_plocals,cj_plocals,var_four = 2
cj_plocals,cj_plocals,var_five = 2
cj_plocals,cj_plocals,f_sum = 10