lldb,lldb pkgs007,pkgs007
b,b 12,pkgs007.cj:12
r,r,-> 12
n,n,-> 13
cj_plocals,cj_plocals,a = 1
cj_plocals,cj_plocals,b = 2