lldb,lldb 043_debuginfun_notsetbp,043_debuginfun_notsetbp
b,b 13,043_debuginfun_notsetbp.cj:14
b,b 15,043_debuginfun_notsetbp.cj:18
r,r,-> 14