lldb,lldb 008_debug_func_no_arg,008_debug_func_no_arg
b,b 5,008_debug_func_no_arg.cj:5
r,r,-> 5
n,n,-> 6
cj_plocals,cj_plocals,Functioncall002 = 60