lldb,lldb pkgs001,pkgs001
b,b 18,pkgs001.cj:18
r,r,-> 18
n,n,-> 19
cj_plocals,cj_plocals,res1 = 127
cj_pvar,cj_pvar test,test = 127
cj_pvar,cj_pvar res1,res1 = 127