lldb,lldb 011_debug_func_reload,011_debug_func_reload
b,b 4,011_debug_func_reload.cj:4
r,r,-> 4
s,s,-> 13
finish,finish,-> 4
n,n,-> 5
cj_plocals,cj_plocals,Functioncall008 = 10