lldb,lldb 014_debug_func_bp,014_debug_func_bp
b,b funcbp001,014_debug_func_bp.cj:58
delete,breakpoint delete 1,1 breakpoints deleted
b,b funcbp001,014_debug_func_bp.cj:58
r,r,-> 58