lldb,lldb 014_debug_func_bp,014_debug_func_bp
b,b funcbp001,014_debug_func_bp.cj:58
r,r,-> 58