lldb,lldb 020_debug_notsetbp,020_debug_notsetbp
b,b 12,020_debug_notsetbp.cj:14
r,r,-> 14