lldb,lldb 014_debug_func_bp,014_debug_func_bp
b,b 9,014_debug_func_bp.cj:9
b,b funcbp001,014_debug_func_bp.cj:58
r,r,-> 58
c,c,-> 9