lldb,lldb 008_debug_func_no_arg,008_debug_func_no_arg
b,b 11,008_debug_func_no_arg.cj:11
r,r,-> 11
n,n,-> 12
finish,finish,-> 4
n,n,-> 5
cj_plocals,cj_plocals,Functioncall001 = 30