lldb,lldb pkgs006,pkgs006
b,b 29,pkgs006.cj:29
r,r,-> 29
s,s,-> 9
finish,finish,-> 29
n,n,-> 30
cj_plocals,cj_plocals,Functioncall104 = 4