lldb,lldb 022_debug_launch,022_debug_launch
r,r,exited with status