lldb,lldb pkgs006,pkgs006
b,b 31,pkgs006.cj:31
r,r,-> 31
s,s,-> 7
finish,finish,-> 31
n,n,-> 32
cj_plocals,cj_plocals,Functioncall105 = 15