lldb,lldb 013_debug_lambda,013_debug_lambda
b,b 4,Breakpoint
b,b 5,013_debug_lambda.cj:6
b,b 6,013_debug_lambda.cj:6
b,b 7,013_debug_lambda.cj:8
b,b 8,013_debug_lambda.cj:8
r,r,-> 4
c,c,-> 8
n,n,-> 6
n,n,-> 8
n,n,-> 9
cj_plocals,cj_plocals,lamdba001 = 20