lldb,lldb 020_debug_notsetbp,020_debug_notsetbp
b,b 16,020_debug_notsetbp.cj:18
r,r,-> 18