lldb,lldb 037_debuginfun_lambda,037_debuginfun_lambda
b,b 8,Breakpoint
b,b 9,037_debuginfun_lambda.cj:10
b,b 10,037_debuginfun_lambda.cj:10
b,b 11,037_debuginfun_lambda.cj:12
b,b 12,037_debuginfun_lambda.cj:12
r,r,-> 8
s,s,-> 12
s,s,-> 10
finish,finish,-> 12
n,n,-> 13
cj_plocals,cj_plocals,lamdba001 = 20