lldb,lldb 016_debug_return,016_debug_return
b,b 5,016_debug_return.cj:5
b,b 14,016_debug_return.cj:14
b,b 16,016_debug_return.cj:16
r,r,-> 5
s,s,-> 13
finish,finish,-> 16
finish,finish,-> 5
n,n,-> 6
cj_plocals,cj_plocals,varreturnexpr = 20